2026-01-10 11:27:14 [[32minfo[39m]: Add category invoked
2026-01-12 09:14:32 [[32minfo[39m]: Add category invoked
2026-01-12 09:15:02 [[32minfo[39m]: Add category invoked
2026-01-19 10:04:17 [[32minfo[39m]: Add category invoked
2026-01-19 10:05:04 [[32minfo[39m]: Add category invoked
2026-01-20 10:59:56 [[32minfo[39m]: Add category invoked
2026-01-20 11:31:43 [[32minfo[39m]: Add category invoked
2026-01-22 15:06:21 [[31merror[39m]: ReferenceError: now is not defined
    at file:///C:/Users/dell/Desktop/Project01/controllers/admin/categoryController.js:32:69
    at Array.forEach (<anonymous>)
    at categoryInfo (file:///C:/Users/dell/Desktop/Project01/controllers/admin/categoryController.js:26:20)
    at process.processTicksAndRejections (node:internal/process/task_queues:105:5)
2026-01-22 15:06:26 [[31merror[39m]: ReferenceError: now is not defined
    at file:///C:/Users/dell/Desktop/Project01/controllers/admin/categoryController.js:32:69
    at Array.forEach (<anonymous>)
    at categoryInfo (file:///C:/Users/dell/Desktop/Project01/controllers/admin/categoryController.js:26:20)
    at process.processTicksAndRejections (node:internal/process/task_queues:105:5)
2026-01-22 15:06:31 [[31merror[39m]: ReferenceError: now is not defined
    at file:///C:/Users/dell/Desktop/Project01/controllers/admin/categoryController.js:32:69
    at Array.forEach (<anonymous>)
    at categoryInfo (file:///C:/Users/dell/Desktop/Project01/controllers/admin/categoryController.js:26:20)
    at process.processTicksAndRejections (node:internal/process/task_queues:105:5)
2026-01-22 15:06:39 [[31merror[39m]: ReferenceError: now is not defined
    at file:///C:/Users/dell/Desktop/Project01/controllers/admin/categoryController.js:32:69
    at Array.forEach (<anonymous>)
    at categoryInfo (file:///C:/Users/dell/Desktop/Project01/controllers/admin/categoryController.js:26:20)
    at process.processTicksAndRejections (node:internal/process/task_queues:105:5)
2026-01-22 15:06:57 [[31merror[39m]: ReferenceError: now is not defined
    at file:///C:/Users/dell/Desktop/Project01/controllers/admin/categoryController.js:32:69
    at Array.forEach (<anonymous>)
    at categoryInfo (file:///C:/Users/dell/Desktop/Project01/controllers/admin/categoryController.js:26:20)
    at process.processTicksAndRejections (node:internal/process/task_queues:105:5)
2026-01-22 15:08:02 [[31merror[39m]: ReferenceError: now is not defined
    at file:///C:/Users/dell/Desktop/Project01/controllers/admin/categoryController.js:32:69
    at Array.forEach (<anonymous>)
    at categoryInfo (file:///C:/Users/dell/Desktop/Project01/controllers/admin/categoryController.js:26:20)
    at process.processTicksAndRejections (node:internal/process/task_queues:105:5)
2026-01-22 17:42:39 [[32minfo[39m]: Add category invoked
2026-01-24 13:12:27 [[32minfo[39m]: Add category invoked
2026-01-26 12:42:32 [[32minfo[39m]: Add category invoked
2026-01-26 12:46:28 [[32minfo[39m]: Add category invoked
2026-01-26 12:48:16 [[32minfo[39m]: Add category invoked
2026-01-26 12:48:27 [[32minfo[39m]: Add category invoked
2026-01-26 12:48:28 [[32minfo[39m]: Add category invoked
2026-01-26 12:51:14 [[32minfo[39m]: Add category invoked
2026-01-26 12:51:15 [[32minfo[39m]: Add category invoked
2026-01-26 12:53:09 [[32minfo[39m]: Add category invoked
2026-01-27 15:48:24 [[32minfo[39m]: Add category invoked
2026-01-31 20:39:50 [[31merror[39m]: ReferenceError: count is not defined
    at customerInfo (file:///C:/Users/dell/Desktop/Project01/controllers/admin/customerController.js:43:29)
    at process.processTicksAndRejections (node:internal/process/task_queues:105:5)
2026-01-31 20:40:00 [[31merror[39m]: ReferenceError: count is not defined
    at customerInfo (file:///C:/Users/dell/Desktop/Project01/controllers/admin/customerController.js:43:29)
    at process.processTicksAndRejections (node:internal/process/task_queues:105:5)
2026-01-31 20:43:10 [[32minfo[39m]: Add category invoked
2026-01-31 21:42:43 [[31merror[39m]: ReferenceError: count is not defined
    at customerInfo (file:///C:/Users/dell/Desktop/Project01/controllers/admin/customerController.js:43:29)
    at process.processTicksAndRejections (node:internal/process/task_queues:105:5)
2026-01-31 22:01:23 [[31merror[39m]: ReferenceError: count is not defined
    at customerInfo (file:///C:/Users/dell/Desktop/Project01/controllers/admin/customerController.js:43:29)
    at process.processTicksAndRejections (node:internal/process/task_queues:105:5)
2026-01-31 22:19:28 [[31merror[39m]: MongoServerSelectionError: getaddrinfo ENOTFOUND ac-mwvfreg-shard-00-00.v7m69bi.mongodb.net
    at Topology.selectServer (C:\Users\dell\Desktop\Project01\node_modules\mongodb\lib\sdam\topology.js:327:38)
    at async tryOperation (C:\Users\dell\Desktop\Project01\node_modules\mongodb\lib\operations\execute_operation.js:148:18)
    at async executeOperation (C:\Users\dell\Desktop\Project01\node_modules\mongodb\lib\operations\execute_operation.js:78:16)
    at async FindCursor._initialize (C:\Users\dell\Desktop\Project01\node_modules\mongodb\lib\cursor\find_cursor.js:62:26)
    at async FindCursor.cursorInit (C:\Users\dell\Desktop\Project01\node_modules\mongodb\lib\cursor\abstract_cursor.js:632:27)
    at async FindCursor.fetchBatch (C:\Users\dell\Desktop\Project01\node_modules\mongodb\lib\cursor\abstract_cursor.js:666:13)
    at async FindCursor.next (C:\Users\dell\Desktop\Project01\node_modules\mongodb\lib\cursor\abstract_cursor.js:342:17)
    at async [Symbol.asyncIterator] (C:\Users\dell\Desktop\Project01\node_modules\mongodb\lib\cursor\abstract_cursor.js:250:34)
    at async FindCursor.toArray (C:\Users\dell\Desktop\Project01\node_modules\mongodb\lib\cursor\abstract_cursor.js:422:26)
    at async model.Query._find (C:\Users\dell\Desktop\Project01\node_modules\mongoose\lib\query.js:2430:14)
    at async model.Query.exec (C:\Users\dell\Desktop\Project01\node_modules\mongoose\lib\query.js:4627:63)
    at async customerInfo (file:///C:/Users/dell/Desktop/Project01/controllers/admin/customerController.js:20:22)
2026-01-31 22:51:47 [[31merror[39m]: ReferenceError: totalPages is not defined
    at customerInfo (file:///C:/Users/dell/Desktop/Project01/controllers/admin/customerController.js:31:9)
    at process.processTicksAndRejections (node:internal/process/task_queues:105:5)
2026-01-31 22:51:58 [[31merror[39m]: ReferenceError: totalPages is not defined
    at customerInfo (file:///C:/Users/dell/Desktop/Project01/controllers/admin/customerController.js:31:9)
    at process.processTicksAndRejections (node:internal/process/task_queues:105:5)
2026-01-31 22:52:10 [[31merror[39m]: ReferenceError: totalPages is not defined
    at customerInfo (file:///C:/Users/dell/Desktop/Project01/controllers/admin/customerController.js:31:9)
    at process.processTicksAndRejections (node:internal/process/task_queues:105:5)
2026-01-31 22:52:16 [[31merror[39m]: ReferenceError: totalPages is not defined
    at customerInfo (file:///C:/Users/dell/Desktop/Project01/controllers/admin/customerController.js:31:9)
    at process.processTicksAndRejections (node:internal/process/task_queues:105:5)
2026-01-31 22:52:19 [[31merror[39m]: ReferenceError: totalPages is not defined
    at customerInfo (file:///C:/Users/dell/Desktop/Project01/controllers/admin/customerController.js:31:9)
    at process.processTicksAndRejections (node:internal/process/task_queues:105:5)
2026-01-31 22:52:19 [[31merror[39m]: ReferenceError: totalPages is not defined
    at customerInfo (file:///C:/Users/dell/Desktop/Project01/controllers/admin/customerController.js:31:9)
    at process.processTicksAndRejections (node:internal/process/task_queues:105:5)
2026-02-06 22:51:05 [[32minfo[39m]: Add category invoked
2026-02-06 22:51:05 [[32minfo[39m]: Add category invoked
2026-02-06 22:51:11 [[32minfo[39m]: Add category invoked
2026-02-06 22:51:17 [[32minfo[39m]: Add category invoked
2026-02-06 22:51:25 [[32minfo[39m]: Add category invoked
2026-02-06 22:52:18 [[32minfo[39m]: Add category invoked
2026-02-08 15:36:55 [[32minfo[39m]: Add category invoked
2026-02-25 13:13:11 [[32minfo[39m]: Add category invoked
2026-02-25 13:13:37 [[32minfo[39m]: Add category invoked
2026-02-25 13:15:56 [[32minfo[39m]: Add category invoked
2026-02-25 13:21:47 [[32minfo[39m]: Add category invoked
2026-02-25 13:24:14 [[32minfo[39m]: Add category invoked
